// Jest Snapshot v1, https://goo.gl/fbAQLP

exports[`iTunesAPI Simple Search 1`] = `
{
  "resultCount": 26,
  "results": [
    {
      "amgArtistId": 4576,
      "artistId": 32940,
      "artistName": "Michael Jackson",
      "artistViewUrl": "https://music.apple.com/us/artist/michael-jackson/32940?uo=4",
      "artworkUrl100": "https://is1-ssl.mzstatic.com/image/thumb/Music125/v4/3d/9d/38/3d9d3811-71f0-3a0e-1ada-3004e56ff852/827969428726.jpg/100x100bb.jpg",
      "artworkUrl60": "https://is1-ssl.mzstatic.com/image/thumb/Music125/v4/3d/9d/38/3d9d3811-71f0-3a0e-1ada-3004e56ff852/827969428726.jpg/60x60bb.jpg",
      "collectionCensoredName": "The Essential Michael Jackson",
      "collectionExplicitness": "notExplicit",
      "collectionId": 159292399,
      "collectionName": "The Essential Michael Jackson",
      "collectionPrice": 16.99,
      "collectionType": "Album",
      "collectionViewUrl": "https://music.apple.com/us/album/the-essential-michael-jackson/159292399?uo=4",
      "copyright": "℗ 1972 Motown Records, a Division of UMG Recordings, Inc., 1976, 1978, 1980 Sony Music Entertainment, 1979, 1982, 1987, 1991, 1995, 2001, 2005 MJJ Productions Inc.",
      "country": "USA",
      "currency": "USD",
      "primaryGenreName": "Pop",
      "releaseDate": "2005-07-19T07:00:00Z",
      "trackCount": 38,
      "wrapperType": "collection",
    },
    {
      "amgArtistId": 4576,
      "artistId": 32940,
      "artistName": "Michael Jackson",
      "artistViewUrl": "https://music.apple.com/us/artist/michael-jackson/32940?uo=4",
      "artworkUrl100": "https://is1-ssl.mzstatic.com/image/thumb/Features125/v4/2a/82/a5/2a82a59b-6e79-7c39-761a-c1d3b82e93cb/dj.dzbxcmnk.jpg/100x100bb.jpg",
      "artworkUrl60": "https://is1-ssl.mzstatic.com/image/thumb/Features125/v4/2a/82/a5/2a82a59b-6e79-7c39-761a-c1d3b82e93cb/dj.dzbxcmnk.jpg/60x60bb.jpg",
      "collectionCensoredName": "Michael Jackson's This Is It (The Music That Inspired the Movie)",
      "collectionExplicitness": "notExplicit",
      "collectionId": 336643808,
      "collectionName": "Michael Jackson's This Is It (The Music That Inspired the Movie)",
      "collectionPrice": 10.99,
      "collectionType": "Album",
      "collectionViewUrl": "https://music.apple.com/us/album/michael-jacksons-this-is-it-the-music-that-inspired/336643808?uo=4",
      "copyright": "℗ 1979, 1982, 1987, 1991, 1995, 2009 MJJ Productions Inc./(P) 2009 MJJ Productions Inc.",
      "country": "USA",
      "currency": "USD",
      "primaryGenreName": "Soundtrack",
      "releaseDate": "2009-10-26T07:00:00Z",
      "trackCount": 20,
      "wrapperType": "collection",
    },
    {
      "amgArtistId": 4576,
      "artistId": 32940,
      "artistName": "Michael Jackson",
      "artistViewUrl": "https://music.apple.com/us/artist/michael-jackson/32940?uo=4",
      "artworkUrl100": "https://is1-ssl.mzstatic.com/image/thumb/Music115/v4/a3/80/ab/a380ab2b-8f46-c230-6f21-07707105808b/888880457066.jpg/100x100bb.jpg",
      "artworkUrl60": "https://is1-ssl.mzstatic.com/image/thumb/Music115/v4/a3/80/ab/a380ab2b-8f46-c230-6f21-07707105808b/888880457066.jpg/60x60bb.jpg",
      "collectionCensoredName": "Number Ones",
      "collectionExplicitness": "notExplicit",
      "collectionId": 273598907,
      "collectionName": "Number Ones",
      "collectionPrice": 10.99,
      "collectionType": "Album",
      "collectionViewUrl": "https://music.apple.com/us/album/number-ones/273598907?uo=4",
      "copyright": "℗ 1979, 1981, 1982, 1987, 1991, 1995, 2001, 2003 MJJ Productions, Inc.",
      "country": "USA",
      "currency": "USD",
      "primaryGenreName": "Pop",
      "releaseDate": "2003-11-17T08:00:00Z",
      "trackCount": 18,
      "wrapperType": "collection",
    },
    {
      "amgArtistId": 4576,
      "artistId": 32940,
      "artistName": "Michael Jackson",
      "artistViewUrl": "https://music.apple.com/us/artist/michael-jackson/32940?uo=4",
      "artworkUrl100": "https://is1-ssl.mzstatic.com/image/thumb/Music60/v4/5d/ef/cf/5defcfb9-f090-2bde-d902-10701f0c14f0/dj.imtamrid.jpg/100x100bb.jpg",
      "artworkUrl60": "https://is1-ssl.mzstatic.com/image/thumb/Music60/v4/5d/ef/cf/5defcfb9-f090-2bde-d902-10701f0c14f0/dj.imtamrid.jpg/60x60bb.jpg",
      "collectionCensoredName": "Michael Jackson's Vision",
      "collectionExplicitness": "notExplicit",
      "collectionId": 405410751,
      "collectionName": "Michael Jackson's Vision",
      "collectionPrice": 29.99,
      "collectionType": "Album",
      "collectionViewUrl": "https://music.apple.com/us/album/michael-jacksons-vision/405410751?uo=4",
      "copyright": "℗ (C) 2010 MJJ Productions, Inc.",
      "country": "USA",
      "currency": "USD",
      "primaryGenreName": "Pop",
      "releaseDate": "2010-01-01T00:00:00Z",
      "trackCount": 43,
      "wrapperType": "collection",
    },
    {
      "amgArtistId": 4576,
      "artistId": 32940,
      "artistName": "Michael Jackson",
      "artistViewUrl": "https://music.apple.com/us/artist/michael-jackson/32940?uo=4",
      "artworkUrl100": "https://is1-ssl.mzstatic.com/image/thumb/Music115/v4/32/4f/fd/324ffda2-9e51-8f6a-0c2d-c6fd2b41ac55/074643811224.jpg/100x100bb.jpg",
      "artworkUrl60": "https://is1-ssl.mzstatic.com/image/thumb/Music115/v4/32/4f/fd/324ffda2-9e51-8f6a-0c2d-c6fd2b41ac55/074643811224.jpg/60x60bb.jpg",
      "collectionCensoredName": "Thriller",
      "collectionExplicitness": "notExplicit",
      "collectionId": 269572838,
      "collectionName": "Thriller",
      "collectionPrice": 9.99,
      "collectionType": "Album",
      "collectionViewUrl": "https://music.apple.com/us/album/thriller/269572838?uo=4",
      "copyright": "℗ 1982 MJJ Productions Inc.",
      "country": "USA",
      "currency": "USD",
      "primaryGenreName": "Pop",
      "releaseDate": "1982-11-30T08:00:00Z",
      "trackCount": 9,
      "wrapperType": "collection",
    },
    {
      "amgArtistId": 4576,
      "artistId": 32940,
      "artistName": "Michael Jackson",
      "artistViewUrl": "https://music.apple.com/us/artist/michael-jackson/32940?uo=4",
      "artworkUrl100": "https://is1-ssl.mzstatic.com/image/thumb/Music116/v4/83/15/cc/8315ccdd-5a8d-8344-fa15-72e4cb64145e/886444533171.jpg/100x100bb.jpg",
      "artworkUrl60": "https://is1-ssl.mzstatic.com/image/thumb/Music116/v4/83/15/cc/8315ccdd-5a8d-8344-fa15-72e4cb64145e/886444533171.jpg/60x60bb.jpg",
      "collectionCensoredName": "XSCAPE (Deluxe)",
      "collectionExplicitness": "notExplicit",
      "collectionId": 850697616,
      "collectionName": "XSCAPE (Deluxe)",
      "collectionPrice": 16.99,
      "collectionType": "Album",
      "collectionViewUrl": "https://music.apple.com/us/album/xscape-deluxe/850697616?uo=4",
      "copyright": "℗ 2014 MJJ Productions, Inc.",
      "country": "USA",
      "currency": "USD",
      "primaryGenreName": "Pop",
      "releaseDate": "2014-05-13T07:00:00Z",
      "trackCount": 19,
      "wrapperType": "collection",
    },
    {
      "amgArtistId": 4576,
      "artistId": 32940,
      "artistName": "Michael Jackson",
      "artistViewUrl": "https://music.apple.com/us/artist/michael-jackson/32940?uo=4",
      "artworkUrl100": "https://is1-ssl.mzstatic.com/image/thumb/Music115/v4/cc/b0/7f/ccb07f0d-1530-00b0-244a-6332daffc2b9/dj.xnuhftrz.jpg/100x100bb.jpg",
      "artworkUrl60": "https://is1-ssl.mzstatic.com/image/thumb/Music115/v4/cc/b0/7f/ccb07f0d-1530-00b0-244a-6332daffc2b9/dj.xnuhftrz.jpg/60x60bb.jpg",
      "collectionCensoredName": "Off the Wall",
      "collectionExplicitness": "notExplicit",
      "collectionId": 186166282,
      "collectionName": "Off the Wall",
      "collectionPrice": 9.99,
      "collectionType": "Album",
      "collectionViewUrl": "https://music.apple.com/us/album/off-the-wall/186166282?uo=4",
      "copyright": "℗ 1979 MJJ Productions Inc.",
      "country": "USA",
      "currency": "USD",
      "primaryGenreName": "Pop",
      "releaseDate": "1979-08-10T07:00:00Z",
      "trackCount": 10,
      "wrapperType": "collection",
    },
    {
      "amgArtistId": 4576,
      "artistId": 32940,
      "artistName": "Michael Jackson",
      "artistViewUrl": "https://music.apple.com/us/artist/michael-jackson/32940?uo=4",
      "artworkUrl100": "https://is1-ssl.mzstatic.com/image/thumb/Music124/v4/c5/8d/b1/c58db1f1-0249-7a52-b58c-6f4eb145b06a/884977149166.jpg/100x100bb.jpg",
      "artworkUrl60": "https://is1-ssl.mzstatic.com/image/thumb/Music124/v4/c5/8d/b1/c58db1f1-0249-7a52-b58c-6f4eb145b06a/884977149166.jpg/60x60bb.jpg",
      "collectionCensoredName": "HIStory: Past, Present and Future, Book I",
      "collectionExplicitness": "explicit",
      "collectionId": 310505551,
      "collectionName": "HIStory: Past, Present and Future, Book I",
      "collectionPrice": 14.99,
      "collectionType": "Album",
      "collectionViewUrl": "https://music.apple.com/us/album/history-past-present-and-future-book-i/310505551?uo=4",
      "contentAdvisoryRating": "Explicit",
      "copyright": "℗ 1979, 1982, 1987, 1988, 1991, 1995 MJJ Productions Inc.",
      "country": "USA",
      "currency": "USD",
      "primaryGenreName": "Pop",
      "releaseDate": "1995-06-20T07:00:00Z",
      "trackCount": 30,
      "wrapperType": "collection",
    },
    {
      "amgArtistId": 4576,
      "artistId": 32940,
      "artistName": "Michael Jackson",
      "artistViewUrl": "https://music.apple.com/us/artist/michael-jackson/32940?uo=4",
      "artworkUrl100": "https://is1-ssl.mzstatic.com/image/thumb/Music125/v4/b5/58/d3/b558d32f-24fd-c889-d544-bc4c96f6113e/dj.oinzmlgt.jpg/100x100bb.jpg",
      "artworkUrl60": "https://is1-ssl.mzstatic.com/image/thumb/Music125/v4/b5/58/d3/b558d32f-24fd-c889-d544-bc4c96f6113e/dj.oinzmlgt.jpg/60x60bb.jpg",
      "collectionCensoredName": "Thriller (25th Anniversary) [Deluxe Edition]",
      "collectionExplicitness": "notExplicit",
      "collectionId": 273048762,
      "collectionName": "Thriller (25th Anniversary) [Deluxe Edition]",
      "collectionPrice": 16.99,
      "collectionType": "Album",
      "collectionViewUrl": "https://music.apple.com/us/album/thriller-25th-anniversary-deluxe-edition/273048762?uo=4",
      "copyright": "℗ 1982, 2001, 2008 MJJ Productions Inc.",
      "country": "USA",
      "currency": "USD",
      "primaryGenreName": "Pop",
      "releaseDate": "1982-11-30T08:00:00Z",
      "trackCount": 35,
      "wrapperType": "collection",
    },
    {
      "amgArtistId": 4576,
      "artistId": 32940,
      "artistName": "Michael Jackson",
      "artistViewUrl": "https://music.apple.com/us/artist/michael-jackson/32940?uo=4",
      "artworkUrl100": "https://is1-ssl.mzstatic.com/image/thumb/Music115/v4/dc/02/ef/dc02eff2-027c-a468-7d7b-aa9404e74f1a/mzi.mgytcnob.jpg/100x100bb.jpg",
      "artworkUrl60": "https://is1-ssl.mzstatic.com/image/thumb/Music115/v4/dc/02/ef/dc02eff2-027c-a468-7d7b-aa9404e74f1a/mzi.mgytcnob.jpg/60x60bb.jpg",
      "collectionCensoredName": "Invincible",
      "collectionExplicitness": "notExplicit",
      "collectionId": 215738269,
      "collectionName": "Invincible",
      "collectionPrice": 9.99,
      "collectionType": "Album",
      "collectionViewUrl": "https://music.apple.com/us/album/invincible/215738269?uo=4",
      "copyright": "℗ 2001 MJJ Productions Inc.",
      "country": "USA",
      "currency": "USD",
      "primaryGenreName": "Pop",
      "releaseDate": "2001-10-30T08:00:00Z",
      "trackCount": 16,
      "wrapperType": "collection",
    },
    {
      "amgArtistId": 1829243,
      "artistId": 216123617,
      "artistName": "Rockabye Baby!",
      "artistViewUrl": "https://music.apple.com/us/artist/rockabye-baby/216123617?uo=4",
      "artworkUrl100": "https://is1-ssl.mzstatic.com/image/thumb/Music4/v4/0e/40/71/0e40717f-c58e-2728-a03d-27a7c51a9ee6/9696_300dpi.jpg/100x100bb.jpg",
      "artworkUrl60": "https://is1-ssl.mzstatic.com/image/thumb/Music4/v4/0e/40/71/0e40717f-c58e-2728-a03d-27a7c51a9ee6/9696_300dpi.jpg/60x60bb.jpg",
      "collectionCensoredName": "Lullaby Renditions of Michael Jackson",
      "collectionExplicitness": "notExplicit",
      "collectionId": 669173195,
      "collectionName": "Lullaby Renditions of Michael Jackson",
      "collectionPrice": 9.99,
      "collectionType": "Album",
      "collectionViewUrl": "https://music.apple.com/us/album/lullaby-renditions-of-michael-jackson/669173195?uo=4",
      "copyright": "℗ 2013 Rockabye Baby Music",
      "country": "USA",
      "currency": "USD",
      "primaryGenreName": "Children's Music",
      "releaseDate": "2013-08-13T07:00:00Z",
      "trackCount": 14,
      "wrapperType": "collection",
    },
    {
      "amgArtistId": 4576,
      "artistId": 32940,
      "artistName": "Michael Jackson",
      "artistViewUrl": "https://music.apple.com/us/artist/michael-jackson/32940?uo=4",
      "artworkUrl100": "https://is1-ssl.mzstatic.com/image/thumb/Music125/v4/cf/68/f9/cf68f9d4-e395-9ced-3e50-8cf7f1f9d3e0/884977307832.jpg/100x100bb.jpg",
      "artworkUrl60": "https://is1-ssl.mzstatic.com/image/thumb/Music125/v4/cf/68/f9/cf68f9d4-e395-9ced-3e50-8cf7f1f9d3e0/884977307832.jpg/60x60bb.jpg",
      "collectionCensoredName": "Dangerous",
      "collectionExplicitness": "notExplicit",
      "collectionId": 322847038,
      "collectionName": "Dangerous",
      "collectionPrice": 9.99,
      "collectionType": "Album",
      "collectionViewUrl": "https://music.apple.com/us/album/dangerous/322847038?uo=4",
      "copyright": "℗ 1991 MJJ Productions Inc.",
      "country": "USA",
      "currency": "USD",
      "primaryGenreName": "Pop",
      "releaseDate": "1991-11-26T08:00:00Z",
      "trackCount": 14,
      "wrapperType": "collection",
    },
    {
      "amgArtistId": 1083352,
      "artistId": 218352633,
      "artistName": "Vitamin String Quartet",
      "artistViewUrl": "https://music.apple.com/us/artist/vitamin-string-quartet/218352633?uo=4",
      "artworkUrl100": "https://is1-ssl.mzstatic.com/image/thumb/Music128/v4/7c/6c/ad/7c6cad5b-abd4-6cbe-3306-9e2e6e7fbd57/dj.wbxikkdo.jpg/100x100bb.jpg",
      "artworkUrl60": "https://is1-ssl.mzstatic.com/image/thumb/Music128/v4/7c/6c/ad/7c6cad5b-abd4-6cbe-3306-9e2e6e7fbd57/dj.wbxikkdo.jpg/60x60bb.jpg",
      "collectionCensoredName": "VSQ Performs the Hits of Michael Jackson",
      "collectionExplicitness": "notExplicit",
      "collectionId": 344710760,
      "collectionName": "VSQ Performs the Hits of Michael Jackson",
      "collectionPrice": 9.99,
      "collectionType": "Album",
      "collectionViewUrl": "https://music.apple.com/us/album/vsq-performs-the-hits-of-michael-jackson/344710760?uo=4",
      "copyright": "℗ 2009 Vitamin Records",
      "country": "USA",
      "currency": "USD",
      "primaryGenreName": "Classical Crossover",
      "releaseDate": "2009-11-18T08:00:00Z",
      "trackCount": 12,
      "wrapperType": "collection",
    },
    {
      "amgArtistId": 4576,
      "artistId": 32940,
      "artistName": "Michael Jackson",
      "artistViewUrl": "https://music.apple.com/us/artist/michael-jackson/32940?uo=4",
      "artworkUrl100": "https://is1-ssl.mzstatic.com/image/thumb/Music115/v4/8d/97/f4/8d97f427-2d17-1a51-1714-324483eb5fc1/886443546264.jpg/100x100bb.jpg",
      "artworkUrl60": "https://is1-ssl.mzstatic.com/image/thumb/Music115/v4/8d/97/f4/8d97f427-2d17-1a51-1714-324483eb5fc1/886443546264.jpg/60x60bb.jpg",
      "collectionCensoredName": "Bad",
      "collectionExplicitness": "notExplicit",
      "collectionId": 559334659,
      "collectionName": "Bad",
      "collectionPrice": 9.99,
      "collectionType": "Album",
      "collectionViewUrl": "https://music.apple.com/us/album/bad/559334659?uo=4",
      "copyright": "℗ 2012 MJJ Productions Inc.",
      "country": "USA",
      "currency": "USD",
      "primaryGenreName": "Pop",
      "releaseDate": "1987-08-31T07:00:00Z",
      "trackCount": 11,
      "wrapperType": "collection",
    },
    {
      "amgArtistId": 4576,
      "artistId": 32940,
      "artistName": "Michael Jackson",
      "artistViewUrl": "https://music.apple.com/us/artist/michael-jackson/32940?uo=4",
      "artworkUrl100": "https://is1-ssl.mzstatic.com/image/thumb/Features115/v4/44/cd/cf/44cdcf68-4032-dc81-814d-c2fe296fd7d5/dj.xitmdtyw.jpg/100x100bb.jpg",
      "artworkUrl60": "https://is1-ssl.mzstatic.com/image/thumb/Features115/v4/44/cd/cf/44cdcf68-4032-dc81-814d-c2fe296fd7d5/dj.xitmdtyw.jpg/60x60bb.jpg",
      "collectionCensoredName": "Immortal (Music from the Cirque du Soleil Show)",
      "collectionExplicitness": "notExplicit",
      "collectionId": 477803396,
      "collectionName": "Immortal (Music from the Cirque du Soleil Show)",
      "collectionPrice": 11.99,
      "collectionType": "Album",
      "collectionViewUrl": "https://music.apple.com/us/album/immortal-music-from-the-cirque-du-soleil-show/477803396?uo=4",
      "copyright": "℗ 2011 MJJ Productions",
      "country": "USA",
      "currency": "USD",
      "primaryGenreName": "Pop",
      "releaseDate": "2011-11-18T08:00:00Z",
      "trackCount": 28,
      "wrapperType": "collection",
    },
    {
      "amgArtistId": 4576,
      "artistId": 32940,
      "artistName": "Michael Jackson",
      "artistViewUrl": "https://music.apple.com/us/artist/michael-jackson/32940?uo=4",
      "artworkUrl100": "https://is1-ssl.mzstatic.com/image/thumb/Music124/v4/41/cf/0e/41cf0e68-b332-9777-44b3-01c8936d626c/09UMGIM27654.rgb.jpg/100x100bb.jpg",
      "artworkUrl60": "https://is1-ssl.mzstatic.com/image/thumb/Music124/v4/41/cf/0e/41cf0e68-b332-9777-44b3-01c8936d626c/09UMGIM27654.rgb.jpg/60x60bb.jpg",
      "collectionCensoredName": "The Definitive Collection: Michael Jackson",
      "collectionExplicitness": "notExplicit",
      "collectionId": 1440743876,
      "collectionName": "The Definitive Collection: Michael Jackson",
      "collectionPrice": 7.99,
      "collectionType": "Album",
      "collectionViewUrl": "https://music.apple.com/us/album/the-definitive-collection-michael-jackson/1440743876?uo=4",
      "copyright": "This Compilation ℗ 2009 Motown Records, a Division of UMG Recordings, Inc.",
      "country": "USA",
      "currency": "USD",
      "primaryGenreName": "R&B/Soul",
      "releaseDate": "2009-01-01T08:00:00Z",
      "trackCount": 19,
      "wrapperType": "collection",
    },
    {
      "amgArtistId": 4576,
      "artistId": 32940,
      "artistName": "Michael Jackson",
      "artistViewUrl": "https://music.apple.com/us/artist/michael-jackson/32940?uo=4",
      "artworkUrl100": "https://is1-ssl.mzstatic.com/image/thumb/Features124/v4/f8/e7/00/f8e700ab-5827-86bf-a21a-2a8ec7a59050/dj.ydzammsx.jpg/100x100bb.jpg",
      "artworkUrl60": "https://is1-ssl.mzstatic.com/image/thumb/Features124/v4/f8/e7/00/f8e700ab-5827-86bf-a21a-2a8ec7a59050/dj.ydzammsx.jpg/60x60bb.jpg",
      "collectionCensoredName": "BLOOD ON THE DANCE FLOOR/ HIStory In The Mix",
      "collectionExplicitness": "notExplicit",
      "collectionId": 193015198,
      "collectionName": "BLOOD ON THE DANCE FLOOR/ HIStory In The Mix",
      "collectionPrice": 9.99,
      "collectionType": "Album",
      "collectionViewUrl": "https://music.apple.com/us/album/blood-on-the-dance-floor-history-in-the-mix/193015198?uo=4",
      "copyright": "℗ 1995, 1997 MJJ Productions, Inc. WARNING: All rights reserved. Unauthorized duplication is a violation of applicable laws.",
      "country": "USA",
      "currency": "USD",
      "primaryGenreName": "Dance",
      "releaseDate": "1997-05-05T07:00:00Z",
      "trackCount": 13,
      "wrapperType": "collection",
    },
    {
      "amgArtistId": 4568,
      "artistId": 104063,
      "artistName": "Jackson 5",
      "artistViewUrl": "https://music.apple.com/us/artist/jackson-5/104063?uo=4",
      "artworkUrl100": "https://is1-ssl.mzstatic.com/image/thumb/Music125/v4/2e/1c/79/2e1c79b6-3ec7-4e11-4a0f-2000fff0fbb7/06UMGIM01808.rgb.jpg/100x100bb.jpg",
      "artworkUrl60": "https://is1-ssl.mzstatic.com/image/thumb/Music125/v4/2e/1c/79/2e1c79b6-3ec7-4e11-4a0f-2000fff0fbb7/06UMGIM01808.rgb.jpg/60x60bb.jpg",
      "collectionCensoredName": "The Ultimate Collection",
      "collectionExplicitness": "notExplicit",
      "collectionId": 1440912101,
      "collectionName": "The Ultimate Collection",
      "collectionPrice": 11.99,
      "collectionType": "Album",
      "collectionViewUrl": "https://music.apple.com/us/album/the-ultimate-collection/1440912101?uo=4",
      "copyright": "This Compilation ℗ 1996 UMG Recordings, Inc.",
      "country": "USA",
      "currency": "USD",
      "primaryGenreName": "Pop",
      "releaseDate": "1996-01-01T08:00:00Z",
      "trackCount": 21,
      "wrapperType": "collection",
    },
    {
      "amgArtistId": 4576,
      "artistId": 32940,
      "artistName": "Michael Jackson",
      "artistViewUrl": "https://music.apple.com/us/artist/michael-jackson/32940?uo=4",
      "artworkUrl100": "https://is1-ssl.mzstatic.com/image/thumb/Music113/v4/e5/71/5d/e5715d9d-888e-42bf-9f70-f1db16f90c15/06UMGIM01553.rgb.jpg/100x100bb.jpg",
      "artworkUrl60": "https://is1-ssl.mzstatic.com/image/thumb/Music113/v4/e5/71/5d/e5715d9d-888e-42bf-9f70-f1db16f90c15/06UMGIM01553.rgb.jpg/60x60bb.jpg",
      "collectionCensoredName": "Anthology: The Best of Michael Jackson",
      "collectionExplicitness": "notExplicit",
      "collectionId": 1445752606,
      "collectionName": "Anthology: The Best of Michael Jackson",
      "collectionPrice": 29.99,
      "collectionType": "Album",
      "collectionViewUrl": "https://music.apple.com/us/album/anthology-the-best-of-michael-jackson/1445752606?uo=4",
      "copyright": "This Compilation ℗ 1995 Motown Records, a Division of UMG Recordings, Inc.",
      "country": "USA",
      "currency": "USD",
      "primaryGenreName": "Pop",
      "releaseDate": "1986-01-01T00:00:00Z",
      "trackCount": 44,
      "wrapperType": "collection",
    },
    {
      "amgArtistId": 4568,
      "artistId": 104063,
      "artistName": "Jackson 5",
      "artistViewUrl": "https://music.apple.com/us/artist/jackson-5/104063?uo=4",
      "artworkUrl100": "https://is1-ssl.mzstatic.com/image/thumb/Music113/v4/74/af/2a/74af2aea-de8b-92d6-287e-53b484b256f5/06UMGIM18278.rgb.jpg/100x100bb.jpg",
      "artworkUrl60": "https://is1-ssl.mzstatic.com/image/thumb/Music113/v4/74/af/2a/74af2aea-de8b-92d6-287e-53b484b256f5/06UMGIM18278.rgb.jpg/60x60bb.jpg",
      "collectionCensoredName": "Gold: Jackson 5",
      "collectionExplicitness": "notExplicit",
      "collectionId": 1444193467,
      "collectionName": "Gold: Jackson 5",
      "collectionPrice": 12.99,
      "collectionType": "Album",
      "collectionViewUrl": "https://music.apple.com/us/album/gold-jackson-5/1444193467?uo=4",
      "copyright": "This Compilation ℗ 2005 Motown Records, a Division of UMG Recordings, Inc.",
      "country": "USA",
      "currency": "USD",
      "primaryGenreName": "R&B/Soul",
      "releaseDate": "2005-01-01T08:00:00Z",
      "trackCount": 36,
      "wrapperType": "collection",
    },
    {
      "artistId": 382550547,
      "artistName": "Pref1x",
      "artistViewUrl": "https://music.apple.com/us/artist/pref1x/382550547?uo=4",
      "artworkUrl100": "https://is1-ssl.mzstatic.com/image/thumb/Music/49/d7/aa/mzi.czsoensu.jpg/100x100bb.jpg",
      "artworkUrl60": "https://is1-ssl.mzstatic.com/image/thumb/Music/49/d7/aa/mzi.czsoensu.jpg/60x60bb.jpg",
      "collectionCensoredName": "Michael Jackson - Single",
      "collectionExplicitness": "notExplicit",
      "collectionId": 382550543,
      "collectionName": "Michael Jackson - Single",
      "collectionPrice": 0.99,
      "collectionType": "Album",
      "collectionViewUrl": "https://music.apple.com/us/album/michael-jackson-single/382550543?uo=4",
      "copyright": "℗ 2010 PREF1X",
      "country": "USA",
      "currency": "USD",
      "primaryGenreName": "Hip-Hop/Rap",
      "releaseDate": "2010-07-13T07:00:00Z",
      "trackCount": 1,
      "wrapperType": "collection",
    },
    {
      "amgArtistId": 4568,
      "artistId": 104063,
      "artistName": "Jackson 5",
      "artistViewUrl": "https://music.apple.com/us/artist/jackson-5/104063?uo=4",
      "artworkUrl100": "https://is1-ssl.mzstatic.com/image/thumb/Music114/v4/68/98/be/6898be76-71cb-260e-3fd8-77465a113abc/07UMGIM04577.rgb.jpg/100x100bb.jpg",
      "artworkUrl60": "https://is1-ssl.mzstatic.com/image/thumb/Music114/v4/68/98/be/6898be76-71cb-260e-3fd8-77465a113abc/07UMGIM04577.rgb.jpg/60x60bb.jpg",
      "collectionCensoredName": "20th Century Masters - The Millennium Collection: The Best of Jackson 5",
      "collectionExplicitness": "notExplicit",
      "collectionId": 1471434342,
      "collectionName": "20th Century Masters - The Millennium Collection: The Best of Jackson 5",
      "collectionPrice": 7.99,
      "collectionType": "Album",
      "collectionViewUrl": "https://music.apple.com/us/album/20th-century-masters-the-millennium-collection-the/1471434342?uo=4",
      "copyright": "This Compilation ℗ 1999 Motown Records, a Division of UMG Recordings, Inc.",
      "country": "USA",
      "currency": "USD",
      "primaryGenreName": "R&B/Soul",
      "releaseDate": "1999-10-26T07:00:00Z",
      "trackCount": 11,
      "wrapperType": "collection",
    },
    {
      "amgArtistId": 4576,
      "artistId": 32940,
      "artistName": "Michael Jackson & Mark Ronson",
      "artistViewUrl": "https://music.apple.com/us/artist/michael-jackson/32940?uo=4",
      "artworkUrl100": "https://is1-ssl.mzstatic.com/image/thumb/Music118/v4/37/81/71/37817158-6cd8-61cd-b7d8-ec09a9c520cf/886447287187.jpg/100x100bb.jpg",
      "artworkUrl60": "https://is1-ssl.mzstatic.com/image/thumb/Music118/v4/37/81/71/37817158-6cd8-61cd-b7d8-ec09a9c520cf/886447287187.jpg/60x60bb.jpg",
      "collectionCensoredName": "Michael Jackson x Mark Ronson: Diamonds are Invincible - Single",
      "collectionExplicitness": "notExplicit",
      "collectionId": 1434320373,
      "collectionName": "Michael Jackson x Mark Ronson: Diamonds are Invincible - Single",
      "collectionPrice": 1.29,
      "collectionType": "Album",
      "collectionViewUrl": "https://music.apple.com/us/album/michael-jackson-x-mark-ronson-diamonds-are-invincible/1434320373?uo=4",
      "copyright": "℗ 2018 MJJ Productions Inc.",
      "country": "USA",
      "currency": "USD",
      "primaryGenreName": "Pop",
      "releaseDate": "2018-08-29T07:00:00Z",
      "trackCount": 1,
      "wrapperType": "collection",
    },
    {
      "amgArtistId": 1131898,
      "artistId": 269542939,
      "artistName": "Tony Succar",
      "artistViewUrl": "https://music.apple.com/us/artist/tony-succar/269542939?uo=4",
      "artworkUrl100": "https://is1-ssl.mzstatic.com/image/thumb/Music30/v4/8c/66/f9/8c66f99b-e059-1a20-4abf-d54abf386190/792278024368_cover.jpg/100x100bb.jpg",
      "artworkUrl60": "https://is1-ssl.mzstatic.com/image/thumb/Music30/v4/8c/66/f9/8c66f99b-e059-1a20-4abf-d54abf386190/792278024368_cover.jpg/60x60bb.jpg",
      "collectionCensoredName": "Unity: The Latin Tribute to Michael Jackson (Live Concert Special)",
      "collectionExplicitness": "notExplicit",
      "collectionId": 1117106110,
      "collectionName": "Unity: The Latin Tribute to Michael Jackson (Live Concert Special)",
      "collectionPrice": 9.99,
      "collectionType": "Album",
      "collectionViewUrl": "https://music.apple.com/us/album/unity-the-latin-tribute-to-michael-jackson-live/1117106110?uo=4",
      "copyright": "℗ 2016 Unity Entertainment Corp.",
      "country": "USA",
      "currency": "USD",
      "primaryGenreName": "Pop",
      "releaseDate": "2016-06-21T07:00:00Z",
      "trackCount": 15,
      "wrapperType": "collection",
    },
    {
      "amgArtistId": 4576,
      "artistId": 32940,
      "artistName": "Michael Jackson",
      "artistViewUrl": "https://music.apple.com/us/artist/michael-jackson/32940?uo=4",
      "artworkUrl100": "https://is1-ssl.mzstatic.com/image/thumb/Music113/v4/03/4b/62/034b626f-823b-047f-56f9-7a3764139ba0/886444533164.jpg/100x100bb.jpg",
      "artworkUrl60": "https://is1-ssl.mzstatic.com/image/thumb/Music113/v4/03/4b/62/034b626f-823b-047f-56f9-7a3764139ba0/886444533164.jpg/60x60bb.jpg",
      "collectionCensoredName": "XSCAPE",
      "collectionExplicitness": "notExplicit",
      "collectionId": 850693793,
      "collectionName": "XSCAPE",
      "collectionPrice": 9.99,
      "collectionType": "Album",
      "collectionViewUrl": "https://music.apple.com/us/album/xscape/850693793?uo=4",
      "copyright": "℗ 2014 MJJ Productions, Inc.",
      "country": "USA",
      "currency": "USD",
      "primaryGenreName": "Pop",
      "releaseDate": "2014-05-13T07:00:00Z",
      "trackCount": 8,
      "wrapperType": "collection",
    },
    {
      "amgArtistId": 4576,
      "artistId": 32940,
      "artistName": "Michael Jackson",
      "artistViewUrl": "https://music.apple.com/us/artist/michael-jackson/32940?uo=4",
      "artworkUrl100": "https://is1-ssl.mzstatic.com/image/thumb/Features124/v4/0b/fb/b5/0bfbb592-e2ce-065a-a098-09f55cee22db/dj.iziroksp.jpg/100x100bb.jpg",
      "artworkUrl60": "https://is1-ssl.mzstatic.com/image/thumb/Features124/v4/0b/fb/b5/0bfbb592-e2ce-065a-a098-09f55cee22db/dj.iziroksp.jpg/60x60bb.jpg",
      "collectionCensoredName": "Bad (25th Anniversary Edition)",
      "collectionExplicitness": "notExplicit",
      "collectionId": 551515699,
      "collectionName": "Bad (25th Anniversary Edition)",
      "collectionPrice": 14.99,
      "collectionType": "Album",
      "collectionViewUrl": "https://music.apple.com/us/album/bad-25th-anniversary-edition/551515699?uo=4",
      "copyright": "℗ 1993 MJJ Productions Inc./(P) 2012 MJJ Productions Inc./(P) 2012 MJJ Productions Inc.",
      "country": "USA",
      "currency": "USD",
      "primaryGenreName": "Pop",
      "releaseDate": "1987-08-31T07:00:00Z",
      "trackCount": 24,
      "wrapperType": "collection",
    },
  ],
}
`;
